[2026-04-20T03:19:54Z] === ENRICH ITERATION 1 START | repo=juanbindez/pytubefix sha=6a54cef9 ===
[2026-04-20T03:19:54Z] [iter=1] PHASE START: enrich repo=juanbindez/pytubefix sha=6a54cef9 runlog=/home/runner/work/forx/forx/storage/aggregate/lsp/logs/6a54cef9-enrich-iter-001.log output=/home/runner/work/forx/forx/storage/aggregate/lsp/6a54cef9f6c9d184b84890c3106203057ea708fc.nq.gz
[2026-04-20T03:19:54Z] [iter=1] Step 1: Loading AST into disk-backed store mem_mb=76 MB
[2026-04-20T03:19:57Z] [iter=1] AST store loaded triples=419192 load_secs=3 mem_mb=627 MB
[2026-04-20T03:19:57Z] [iter=1] Step 2: Finding LSP targets mem_mb=627 MB
[2026-04-20T03:19:57Z] [iter=1] LSP targets found call_sites=2380 imports=242 extends=29 implements=0 secs=1
[2026-04-20T03:19:58Z] [iter=1] Step 2.7: Building position index (one-shot, shared across resolvers) mem_mb=627 MB
[2026-04-20T03:20:00Z] [iter=1] Position index built positions=29478 nodes_with_types=38018 secs=2 mem_mb=627 MB
[2026-04-20T03:20:00Z] [iter=1] Step 3: Starting LSP resolution mem_mb=627 MB already_completed_types=[] already_completed_files=0
[2026-04-20T03:20:00Z] [iter=1] Resolving target type target_type=call_site count=2380
[2026-04-20T03:21:13Z] [iter=1] HEARTBEAT target_type=call_site elapsed_min=1.3 files_done=4 resolved=202 errors=414 current=pytubefix/request.py
[2026-04-20T03:21:44Z] [iter=1] HEARTBEAT target_type=call_site elapsed_min=1.8 files_done=8 resolved=369 errors=601 current=pytubefix/query.py
[2026-04-20T03:22:18Z] [iter=1] HEARTBEAT target_type=call_site elapsed_min=2.4 files_done=14 resolved=504 errors=808 current=tests/test_query.py
[2026-04-20T03:22:59Z] [iter=1] HEARTBEAT target_type=call_site elapsed_min=3.1 files_done=18 resolved=688 errors=1066 current=tests/contrib/test_playlist.py
[2026-04-20T03:23:32Z] [iter=1] HEARTBEAT target_type=call_site elapsed_min=3.6 files_done=26 resolved=880 errors=1266 current=pytubefix/keymoments.py
[2026-04-20T03:23:50Z] [iter=1] Target type resolved target_type=call_site resolved=954 errors=1372 secs=230 mem_mb=627 MB
[2026-04-20T03:23:50Z] [iter=1] Resolving target type target_type=import_statement count=242
[2026-04-20T03:23:52Z] [iter=1] Target type resolved target_type=import_statement resolved=229 errors=0 secs=3 mem_mb=627 MB
[2026-04-20T03:23:52Z] [iter=1] Resolving target type target_type=extends_clause count=29
[2026-04-20T03:23:54Z] [iter=1] Target type resolved target_type=extends_clause resolved=29 errors=0 secs=1 mem_mb=627 MB
[2026-04-20T03:23:57Z] [iter=1] Step 5: Writing final enrichment file triples=24365
[2026-04-20T03:23:57Z] [iter=1] Enrichment file written path=/home/runner/work/forx/forx/storage/aggregate/lsp/6a54cef9f6c9d184b84890c3106203057ea708fc.nq.gz size_kb=453
[2026-04-20T03:23:57Z] [iter=1] PHASE END: enrich elapsed_s=243 elapsed_min=4.1 total_triples=24365
